// Jest Snapshot v1, https://goo.gl/fbAQLP

exports[`UpdateFromServer Golden Master Tests FlappyBirdGame.updateFromServer matches golden master snapshot for entity state and components 1`] = `
[
  {
    "components": {
      "Bird": {
        "isAlive": true,
        "isGliding": false,
        "nearMissTimer": 0,
        "type": "Bird",
        "velocityY": -50,
      },
      "Render": {
        "angularVelocity": 0,
        "color": "yellow",
        "hitFlashFrames": 0,
        "opacity": 1,
        "order": 0,
        "rotation": 0,
        "shape": "bird",
        "size": 15,
        "type": "Render",
        "visible": true,
      },
      "Transform": {
        "dirty": false,
        "rotation": 0,
        "scaleX": 1,
        "scaleY": 1,
        "type": "Transform",
        "worldRotation": 0,
        "worldScaleX": 1,
        "worldScaleY": 1,
        "worldX": 100,
        "worldY": 200,
        "x": 100,
        "y": 200,
      },
    },
    "id": 1048577,
  },
  {
    "components": {
      "Bird": {
        "isAlive": false,
        "isGliding": false,
        "nearMissTimer": 0,
        "type": "Bird",
        "velocityY": 10,
      },
      "Render": {
        "angularVelocity": 0,
        "color": "yellow",
        "hitFlashFrames": 0,
        "opacity": 1,
        "order": 0,
        "rotation": 0,
        "shape": "bird",
        "size": 15,
        "type": "Render",
        "visible": true,
      },
      "Transform": {
        "dirty": false,
        "rotation": 0,
        "scaleX": 1,
        "scaleY": 1,
        "type": "Transform",
        "worldRotation": 0,
        "worldScaleX": 1,
        "worldScaleY": 1,
        "worldX": 120,
        "worldY": 250,
        "x": 120,
        "y": 250,
      },
    },
    "id": 1048578,
  },
  {
    "components": {
      "Pipe": {
        "gapSize": 140,
        "gapY": 150,
        "scored": false,
        "type": "Pipe",
      },
      "Render": {
        "angularVelocity": 0,
        "color": "green",
        "hitFlashFrames": 0,
        "opacity": 1,
        "order": 0,
        "rotation": 0,
        "shape": "pipe",
        "size": 60,
        "type": "Render",
        "visible": true,
      },
      "Transform": {
        "dirty": false,
        "rotation": 0,
        "scaleX": 1,
        "scaleY": 1,
        "type": "Transform",
        "worldRotation": 0,
        "worldScaleX": 1,
        "worldScaleY": 1,
        "worldX": 300,
        "worldY": 0,
        "x": 300,
        "y": 0,
      },
    },
    "id": 1048579,
  },
]
`;

exports[`UpdateFromServer Golden Master Tests GeometryWarsGame.updateFromServer matches golden master snapshot for entity state and components with localSessionId 1`] = `
[
  {
    "components": {
      "Health": {
        "current": 1,
        "invulnerableRemaining": 2,
        "max": 1,
        "type": "Health",
      },
      "Player": {
        "fireCooldownRemaining": 0,
        "invulnRemaining": 2,
        "moveX": 0,
        "moveY": 0,
        "type": "Player",
      },
      "Render": {
        "angularVelocity": 0,
        "color": undefined,
        "hitFlashFrames": 0,
        "opacity": 1,
        "order": 1,
        "rotation": 0,
        "shape": "gw_player",
        "size": 16,
        "spriteId": undefined,
        "type": "Render",
        "visible": true,
      },
      "Transform": {
        "dirty": false,
        "parentEntity": undefined,
        "rotation": 0,
        "scaleX": 1,
        "scaleY": 1,
        "type": "Transform",
        "worldRotation": 0,
        "worldScaleX": 1,
        "worldScaleY": 1,
        "worldX": 400,
        "worldY": 300,
        "x": 400,
        "y": 300,
      },
    },
    "id": 1048579,
  },
  {
    "components": {
      "Health": {
        "current": 0,
        "max": 1,
        "type": "Health",
      },
      "Player": {
        "type": "Player",
      },
      "Render": {
        "angularVelocity": 0,
        "color": "#00f0ff",
        "hitFlashFrames": 0,
        "opacity": 1,
        "order": 1,
        "rotation": 0,
        "shape": "gw_player",
        "size": 16,
        "type": "Render",
        "visible": true,
      },
      "Transform": {
        "dirty": false,
        "rotation": 0,
        "scaleX": 1,
        "scaleY": 1,
        "type": "Transform",
        "worldRotation": 0,
        "worldScaleX": 1,
        "worldScaleY": 1,
        "worldX": 30,
        "worldY": 40,
        "x": 30,
        "y": 40,
      },
    },
    "id": 1048583,
  },
  {
    "components": {
      "Render": {
        "angularVelocity": 0,
        "color": "#ff0055",
        "hitFlashFrames": 0,
        "opacity": 1,
        "order": 1,
        "rotation": 0.5,
        "shape": "gw_seeker",
        "size": 12,
        "type": "Render",
        "visible": true,
      },
      "Transform": {
        "dirty": false,
        "rotation": 0.5,
        "scaleX": 1,
        "scaleY": 1,
        "type": "Transform",
        "worldRotation": 0.5,
        "worldScaleX": 1,
        "worldScaleY": 1,
        "worldX": 100,
        "worldY": 100,
        "x": 100,
        "y": 100,
      },
    },
    "id": 1048584,
  },
  {
    "components": {
      "Render": {
        "angularVelocity": 0,
        "color": "#ffd700",
        "hitFlashFrames": 0,
        "opacity": 1,
        "order": 2,
        "rotation": 3.14,
        "shape": "gw_bullet",
        "size": 4,
        "type": "Render",
        "visible": true,
      },
      "Transform": {
        "dirty": false,
        "rotation": 3.14,
        "scaleX": 1,
        "scaleY": 1,
        "type": "Transform",
        "worldRotation": 3.14,
        "worldScaleX": 1,
        "worldScaleY": 1,
        "worldX": 200,
        "worldY": 200,
        "x": 200,
        "y": 200,
      },
    },
    "id": 1048585,
  },
]
`;

exports[`UpdateFromServer Golden Master Tests SpaceInvadersGame.updateFromServer matches golden master snapshot for entity state and components with localSessionId 1`] = `
[
  {
    "components": {
      "Boundary": {
        "height": 600,
        "mode": "bounce",
        "type": "Boundary",
        "width": 760,
      },
      "Faction": {
        "faction": "player",
        "type": "Faction",
        "value": "player",
      },
      "Health": {
        "current": 3,
        "invulnerableRemaining": 0,
        "max": 3,
        "type": "Health",
      },
      "Input": {
        "moveLeft": false,
        "moveRight": false,
        "shoot": false,
        "shootCooldownRemaining": 0,
        "type": "Input",
      },
      "LocalPlayer": {
        "type": "LocalPlayer",
      },
      "Player": {
        "type": "Player",
      },
      "Render": {
        "angularVelocity": 0,
        "color": "green",
        "hitFlashFrames": 0,
        "opacity": 1,
        "order": 0,
        "rotation": 0,
        "shape": "player_ship",
        "size": 40,
        "spriteId": undefined,
        "type": "Render",
        "visible": true,
      },
      "Transform": {
        "dirty": false,
        "parentEntity": undefined,
        "rotation": 0,
        "scaleX": 1,
        "scaleY": 1,
        "type": "Transform",
        "worldRotation": 0,
        "worldScaleX": 1,
        "worldScaleY": 1,
        "worldX": 50,
        "worldY": 500,
        "x": 50,
        "y": 500,
      },
    },
    "id": 1048578,
  },
  {
    "components": {
      "Boundary": {
        "height": 600,
        "mode": "bounce",
        "type": "Boundary",
        "width": 760,
      },
      "Faction": {
        "faction": "player",
        "type": "Faction",
        "value": "player",
      },
      "Health": {
        "current": 3,
        "invulnerableRemaining": 0,
        "max": 3,
        "type": "Health",
      },
      "Input": {
        "moveLeft": false,
        "moveRight": false,
        "shoot": false,
        "shootCooldownRemaining": 0,
        "type": "Input",
      },
      "Player": {
        "type": "Player",
      },
      "Render": {
        "angularVelocity": 0,
        "color": "red",
        "hitFlashFrames": 0,
        "opacity": 1,
        "order": 0,
        "rotation": 0,
        "shape": "player_ship",
        "size": 40,
        "spriteId": undefined,
        "type": "Render",
        "visible": true,
      },
      "Transform": {
        "dirty": false,
        "parentEntity": undefined,
        "rotation": 0,
        "scaleX": 1,
        "scaleY": 1,
        "type": "Transform",
        "worldRotation": 0,
        "worldScaleX": 1,
        "worldScaleY": 1,
        "worldX": 150,
        "worldY": 500,
        "x": 150,
        "y": 500,
      },
    },
    "id": 1048580,
  },
  {
    "components": {
      "Faction": {
        "faction": "enemy",
        "type": "Faction",
        "value": "enemy",
      },
      "Health": {
        "current": 1,
        "invulnerableRemaining": 0,
        "max": 1,
        "type": "Health",
      },
      "Invader": {
        "col": 0,
        "points": 50,
        "row": 0,
        "type": "Invader",
      },
      "Render": {
        "angularVelocity": 0,
        "color": "#ff0088",
        "data": {},
        "hitFlashFrames": 0,
        "opacity": 1,
        "order": 15,
        "rotation": 0,
        "shape": "invader",
        "size": 24,
        "type": "Render",
        "vertices": undefined,
        "visible": true,
      },
      "Transform": {
        "dirty": false,
        "rotation": 0,
        "scaleX": 1,
        "scaleY": 1,
        "type": "Transform",
        "worldRotation": 0,
        "worldScaleX": 1,
        "worldScaleY": 1,
        "worldX": 100,
        "worldY": 100,
        "x": 100,
        "y": 100,
      },
    },
    "id": 1048582,
  },
  {
    "components": {
      "Boundary": {
        "height": 600,
        "mode": "destroy",
        "type": "Boundary",
        "width": 800,
      },
      "Damage": {
        "amount": 1,
        "category": "player_bullet",
        "consumption": "destroy-entity",
        "friendlyFire": false,
        "type": "Damage",
      },
      "Faction": {
        "faction": "player",
        "type": "Faction",
        "value": "player",
      },
      "PlayerBullet": {
        "type": "PlayerBullet",
      },
      "Render": {
        "angularVelocity": 0,
        "color": "yellow",
        "hitFlashFrames": 0,
        "opacity": 1,
        "order": 10,
        "rotation": 0,
        "shape": "player_bullet",
        "size": 4,
        "spriteId": undefined,
        "type": "Render",
        "visible": true,
      },
      "Transform": {
        "dirty": false,
        "parentEntity": undefined,
        "rotation": 0,
        "scaleX": 1,
        "scaleY": 1,
        "type": "Transform",
        "worldRotation": 0,
        "worldScaleX": 1,
        "worldScaleY": 1,
        "worldX": 50,
        "worldY": 450,
        "x": 50,
        "y": 450,
      },
    },
    "id": 1048583,
  },
  {
    "components": {
      "Boundary": {
        "height": 600,
        "mode": "destroy",
        "type": "Boundary",
        "width": 800,
      },
      "Damage": {
        "amount": 1,
        "category": "enemy_bullet",
        "consumption": "destroy-entity",
        "friendlyFire": false,
        "type": "Damage",
      },
      "EnemyBullet": {
        "type": "EnemyBullet",
      },
      "Faction": {
        "faction": "enemy",
        "type": "Faction",
        "value": "enemy",
      },
      "Render": {
        "angularVelocity": 0,
        "color": "red",
        "hitFlashFrames": 0,
        "opacity": 1,
        "order": 10,
        "rotation": 0,
        "shape": "enemy_bullet",
        "size": 4,
        "spriteId": undefined,
        "type": "Render",
        "visible": true,
      },
      "Transform": {
        "dirty": false,
        "parentEntity": undefined,
        "rotation": 0,
        "scaleX": 1,
        "scaleY": 1,
        "type": "Transform",
        "worldRotation": 0,
        "worldScaleX": 1,
        "worldScaleY": 1,
        "worldX": 100,
        "worldY": 150,
        "x": 100,
        "y": 150,
      },
    },
    "id": 1048584,
  },
]
`;
